src/components/VideoCall.tsx(139,21): error TS18047: 'supabase' is possibly 'null'.
src/components/VideoCall.tsx(160,7): error TS18047: 'supabase' is possibly 'null'.
src/context/CallContext.tsx(98,45): error TS18047: 'supabase' is possibly 'null'.
src/context/NotificationContext.tsx(117,25): error TS18047: 'supabase' is possibly 'null'.
src/context/NotificationContext.tsx(128,13): error TS18047: 'supabase' is possibly 'null'.
src/context/PresenceContext.tsx(200,13): error TS18047: 'supabase' is possibly 'null'.
src/layouts/AppLayout.tsx(36,45): error TS18047: 'supabase' is possibly 'null'.
src/pages/Careers.tsx(36,37): error TS18047: 'supabase' is possibly 'null'.
src/pages/Chat.tsx(128,64): error TS18047: 'supabase' is possibly 'null'.
src/pages/Chat.tsx(133,43): error TS18047: 'supabase' is possibly 'null'.
src/pages/Chat.tsx(148,11): error TS18047: 'supabase' is possibly 'null'.
src/pages/Chat.tsx(172,11): error TS18047: 'supabase' is possibly 'null'.
src/pages/Chat.tsx(204,11): error TS18047: 'supabase' is possibly 'null'.
src/pages/Chat.tsx(225,39): error TS18047: 'supabase' is possibly 'null'.
src/pages/Chat.tsx(273,20): error TS18047: 'supabase' is possibly 'null'.
src/pages/Chat.tsx(281,17): error TS18047: 'supabase' is possibly 'null'.
src/pages/Chat.tsx(295,18): error TS18047: 'supabase' is possibly 'null'.
src/pages/Chat.tsx(296,65): error TS18047: 'supabase' is possibly 'null'.
src/pages/Chat.tsx(297,72): error TS18047: 'supabase' is possibly 'null'.
src/pages/Chat.tsx(301,107): error TS18047: 'supabase' is possibly 'null'.
src/pages/Confessions.tsx(178,24): error TS18047: 'supabase' is possibly 'null'.
src/pages/Confessions.tsx(407,53): error TS18047: 'supabase' is possibly 'null'.
src/pages/Confessions.tsx(408,60): error TS18047: 'supabase' is possibly 'null'.
src/pages/Home.tsx(311,53): error TS18047: 'supabase' is possibly 'null'.
src/pages/Matches.tsx(174,21): error TS18047: 'supabase' is possibly 'null'.
src/pages/Matches.tsx(186,7): error TS18047: 'supabase' is possibly 'null'.
src/pages/Profile.tsx(68,47): error TS18047: 'supabase' is possibly 'null'.
src/pages/Profile.tsx(580,69): error TS18047: 'supabase' is possibly 'null'.
src/services/blockService.ts(4,38): error TS18047: 'supabase' is possibly 'null'.
src/services/blockService.ts(7,29): error TS18047: 'supabase' is possibly 'null'.
src/services/blockService.ts(19,38): error TS18047: 'supabase' is possibly 'null'.
src/services/blockService.ts(22,29): error TS18047: 'supabase' is possibly 'null'.
src/services/blockService.ts(35,38): error TS18047: 'supabase' is possibly 'null'.
src/services/blockService.ts(38,35): error TS18047: 'supabase' is possibly 'null'.
src/services/blockService.ts(52,38): error TS18047: 'supabase' is possibly 'null'.
src/services/blockService.ts(55,35): error TS18047: 'supabase' is possibly 'null'.
src/services/blockService.ts(69,38): error TS18047: 'supabase' is possibly 'null'.
src/services/blockService.ts(72,35): error TS18047: 'supabase' is possibly 'null'.
src/services/blockService.ts(85,38): error TS18047: 'supabase' is possibly 'null'.
src/services/blockService.ts(88,35): error TS18047: 'supabase' is possibly 'null'.
src/services/callSignaling.ts(68,48): error TS18047: 'supabase' is possibly 'null'.
src/services/callSignaling.ts(132,13): error TS18047: 'supabase' is possibly 'null'.
src/services/callSignaling.ts(196,20): error TS18047: 'supabase' is possibly 'null'.
